{i} count
{0} 2
{i} count
{0} 2
{i} z_sum
{0} 2
{i} count
{0} 3200000
{i} count
{0} 3200000
{i} z_sum
{0} 3200000
{i} count
{0} 20
{i} count
{0} 20
{i} z_sum
{0} 20
{i} count
{0} 40
{i} count
{0} 40
{i} z_sum
{0} 40
{i} count
{0} 3200000
{i} count
{0} 3200000
{i} z_sum
{0} 3200000
